
> nksw-crm@0.1.0 build
> next build

   ▲ Next.js 15.5.18
   - Environments: .env.local, .env
   - Experiments (use with caution):
     · serverActions

   Creating an optimized production build ...
 ✓ Compiled successfully in 32.2s
   Linting and checking validity of types ...
   Collecting page data ...
   Generating static pages (0/13) ...
   Generating static pages (3/13) 
   Generating static pages (6/13) 
   Generating static pages (9/13) 
 ✓ Generating static pages (13/13)
   Finalizing page optimization ...
   Collecting build traces ...

Route (app)                                 Size  First Load JS
┌ ○ /                                      153 B         102 kB
├ ○ /_not-found                            997 B         103 kB
├ ƒ /api/auth/[...nextauth]                153 B         102 kB
├ ƒ /api/customers                         153 B         102 kB
├ ƒ /api/customers/[id]                    153 B         102 kB
├ ƒ /api/customers/search                  153 B         102 kB
├ ƒ /api/dashboard                         153 B         102 kB
├ ƒ /api/integrations/shopify/sync         153 B         102 kB
├ ƒ /api/pipeline                          153 B         102 kB
├ ƒ /api/pipeline/cards                    153 B         102 kB
├ ƒ /api/tasks                             153 B         102 kB
├ ƒ /api/tasks/[id]                        153 B         102 kB
├ ƒ /api/webhooks/shopify                  153 B         102 kB
├ ƒ /customers                            4.7 kB         136 kB
├ ƒ /customers/[id]                      8.69 kB         149 kB
├ ƒ /dashboard                            106 kB         237 kB
├ ○ /login                               4.12 kB         134 kB
├ ƒ /pipeline                            33.7 kB         174 kB
└ ƒ /tasks                                6.1 kB         147 kB
+ First Load JS shared by all             102 kB
  ├ chunks/255-e881f48ae1d2333a.js         46 kB
  ├ chunks/4bd1b696-409494caf8c83275.js  54.2 kB
  └ other shared chunks (total)          2.05 kB


ƒ Middleware                              126 kB

○  (Static)   prerendered as static content
ƒ  (Dynamic)  server-rendered on demand

